// Jest Snapshot v1, https://goo.gl/fbAQLP

exports[`Color component renders Color 1`] = `
<Fragment>
  <dl>
    <dt>
      Name
    </dt>
    <dd
      style={
        Object {
          "color": "red",
        }
      }
    >
      Red
      <div
        style={
          Object {
            "backgroundColor": "#FF0000",
            "display": "inline-block",
            "height": "1rem",
            "marginLeft": "1rem",
            "width": "1rem",
          }
        }
      />
    </dd>
    <dt>
      RGB
    </dt>
    <dd>
      <p>
        red: 
        255
      </p>
      <p>
        green: 
        0
      </p>
      <p>
        blue: 
        0
      </p>
    </dd>
    <dt>
      Hex
    </dt>
    <dd>
      #FF0000
    </dd>
  </dl>
</Fragment>
`;
